19:11:08 **** Build of configuration Debug for project 0-test ****
make -j16 all 
arm-none-eabi-gcc -mcpu=cortex-m4 -g3 -DDEBUG -c -x assembler-with-cpp -MMD -MP -MF"Startup/startup_stm32f401rctx.d" -MT"Startup/startup_stm32f401rctx.o" --specs=nano.specs -mfpu=fpv4-sp-d16 -mfloat-abi=hard -mthumb -o "Startup/startup_stm32f401rctx.o" "../Startup/startup_stm32f401rctx.s"
arm-none-eabi-gcc "../Src/main.c" -mcpu=cortex-m4 -std=gnu11 -g3 -DDEBUG -DSTM32 -DSTM32F4 -DSTM32F401RCTx -DSTM32F401xE -c -I../Inc -I"..//chip_headers/CMSIS/Include" -I"..//chip_headers/CMSIS/Device/ST/STM32F4xx/Include" -O0 -ffunction-sections -fdata-sections -Wall -fstack-usage -fcyclomatic-complexity -MMD -MP -MF"Src/main.d" -MT"Src/main.o" --specs=nano.specs -mfpu=fpv4-sp-d16 -mfloat-abi=hard -mthumb -o "Src/main.o"
arm-none-eabi-gcc "../Src/syscalls.c" -mcpu=cortex-m4 -std=gnu11 -g3 -DDEBUG -DSTM32 -DSTM32F4 -DSTM32F401RCTx -DSTM32F401xE -c -I../Inc -I"..//chip_headers/CMSIS/Include" -I"..//chip_headers/CMSIS/Device/ST/STM32F4xx/Include" -O0 -ffunction-sections -fdata-sections -Wall -fstack-usage -fcyclomatic-complexity -MMD -MP -MF"Src/syscalls.d" -MT"Src/syscalls.o" --specs=nano.specs -mfpu=fpv4-sp-d16 -mfloat-abi=hard -mthumb -o "Src/syscalls.o"
arm-none-eabi-gcc "../Src/sysmem.c" -mcpu=cortex-m4 -std=gnu11 -g3 -DDEBUG -DSTM32 -DSTM32F4 -DSTM32F401RCTx -DSTM32F401xE -c -I../Inc -I"..//chip_headers/CMSIS/Include" -I"..//chip_headers/CMSIS/Device/ST/STM32F4xx/Include" -O0 -ffunction-sections -fdata-sections -Wall -fstack-usage -fcyclomatic-complexity -MMD -MP -MF"Src/sysmem.d" -MT"Src/sysmem.o" --specs=nano.specs -mfpu=fpv4-sp-d16 -mfloat-abi=hard -mthumb -o "Src/sysmem.o"
arm-none-eabi-gcc -o "0-test.elf" @"objects.list"   -mcpu=cortex-m4 -T"D:\DSP_on_arm processor\test\STM32F401RCTX_FLASH.ld" --specs=nosys.specs -Wl,-Map="0-test.map" -Wl,--gc-sections -static --specs=nano.specs -mfpu=fpv4-sp-d16 -mfloat-abi=hard -mthumb -Wl,--start-group -lc -lm -Wl,--end-group
Finished building target: 0-test.elf
 
arm-none-eabi-size  0-test.elf 
arm-none-eabi-objdump -h -S 0-test.elf  > "0-test.list"
   text	   data	    bss	    dec	    hex	filename
    744	      0	   1568	   2312	    908	0-test.elf
Finished building: default.size.stdout
 
Finished building: 0-test.list
 

19:11:09 Build Finished. 0 errors, 0 warnings. (took 549ms)

