21:44:44 **** Incremental Build of configuration Debug for project 2-UART_driver ****
make -j16 all 
arm-none-eabi-gcc "../Src/uart.c" -mcpu=cortex-m4 -std=gnu11 -g3 -DDEBUG -DSTM32 -DSTM32F4 -DSTM32F401RCTx -DSTM32F401xE -c -I../Inc -I..//chip_headers/CMSIS/Include -I..//chip_headers/CMSIS/Device/ST/STM32F4xx/Include -O0 -ffunction-sections -fdata-sections -Wall -fstack-usage -fcyclomatic-complexity -MMD -MP -MF"Src/uart.d" -MT"Src/uart.o" --specs=nano.specs -mfpu=fpv4-sp-d16 -mfloat-abi=hard -mthumb -o "Src/uart.o"
arm-none-eabi-gcc -o "2-UART_driver.elf" @"objects.list"   -mcpu=cortex-m4 -T"D:\DSP_on_arm processor\2-UART_driver\STM32F401RCTX_FLASH.ld" --specs=nosys.specs -Wl,-Map="2-UART_driver.map" -Wl,--gc-sections -static --specs=nano.specs -mfpu=fpv4-sp-d16 -mfloat-abi=hard -mthumb -Wl,--start-group -lc -lm -Wl,--end-group
Finished building target: 2-UART_driver.elf
 
arm-none-eabi-size  2-UART_driver.elf 
arm-none-eabi-objdump -h -S 2-UART_driver.elf  > "2-UART_driver.list"
   text	   data	    bss	    dec	    hex	filename
   3660	     92	   1900	   5652	   1614	2-UART_driver.elf
Finished building: default.size.stdout
 
Finished building: 2-UART_driver.list
 

21:44:47 Build Finished. 0 errors, 0 warnings. (took 2s.804ms)

