20:58:23 **** Incremental Build of configuration Debug for project 1-Ploting_signal ****
make -j16 all 
arm-none-eabi-gcc "../Src/main.c" -mcpu=cortex-m4 -std=gnu11 -g3 -DDEBUG -DSTM32 -DSTM32F4 -DSTM32F401RCTx -DSTM32F401xE -c -I../Inc -I"..//chip_headers/CMSIS/Include" -I"..//chip_headers/CMSIS/Device/ST/STM32F4xx/Include" -O0 -ffunction-sections -fdata-sections -Wall -fstack-usage -fcyclomatic-complexity -MMD -MP -MF"Src/main.d" -MT"Src/main.o" --specs=nano.specs -mfpu=fpv4-sp-d16 -mfloat-abi=hard -mthumb -o "Src/main.o"
arm-none-eabi-gcc -o "1-Ploting_signal.elf" @"objects.list"   -mcpu=cortex-m4 -T"D:\DSP_on_arm processor\1-Ploting_signal\STM32F401RCTX_FLASH.ld" --specs=nosys.specs -Wl,-Map="1-Ploting_signal.map" -Wl,--gc-sections -static --specs=nano.specs -mfpu=fpv4-sp-d16 -mfloat-abi=hard -mthumb -Wl,--start-group -lc -lm -Wl,--end-group
Finished building target: 1-Ploting_signal.elf
 
arm-none-eabi-size  1-Ploting_signal.elf 
arm-none-eabi-objdump -h -S 1-Ploting_signal.elf  > "1-Ploting_signal.list"
   text	   data	    bss	    dec	    hex	filename
    800	   1204	   1572	   3576	    df8	1-Ploting_signal.elf
Finished building: default.size.stdout
 
Finished building: 1-Ploting_signal.list
 
21:00:40 **** Incremental Build of configuration Debug for project 1-Ploting_signal ****
make -j16 all 
arm-none-eabi-size  1-Ploting_signal.elf 
   text	   data	    bss	    dec	    hex	filename
    800	   1204	   1572	   3576	    df8	1-Ploting_signal.elf
Finished building: default.size.stdout
 
