23:00:31 **** Incremental Build of configuration Debug for project 4-integrating_CMSIS_library ****
make -j16 all 
arm-none-eabi-gcc "../Src/main.c" -mcpu=cortex-m4 -std=gnu11 -g3 -DDEBUG -DSTM32 -DSTM32F4 -DSTM32F401RCTx -DSTM32F401xE -DARM_MATH_CM4 -D__FPU_PRESENT -c -I../Inc -I..//chip_headers/CMSIS/Include -I..//chip_headers/CMSIS/Device/ST/STM32F4xx/Include -I"D:/DSP_on_arm processor/4-integrating_CMSIS_library/chip_headers/CMSIS/DSP/Include" -O0 -ffunction-sections -fdata-sections -Wall -fstack-usage -fcyclomatic-complexity -MMD -MP -MF"Src/main.d" -MT"Src/main.o" --specs=nano.specs -mfpu=fpv4-sp-d16 -mfloat-abi=hard -mthumb -o "Src/main.o"
arm-none-eabi-gcc "../Src/signals.c" -mcpu=cortex-m4 -std=gnu11 -g3 -DDEBUG -DSTM32 -DSTM32F4 -DSTM32F401RCTx -DSTM32F401xE -DARM_MATH_CM4 -D__FPU_PRESENT -c -I../Inc -I..//chip_headers/CMSIS/Include -I..//chip_headers/CMSIS/Device/ST/STM32F4xx/Include -I"D:/DSP_on_arm processor/4-integrating_CMSIS_library/chip_headers/CMSIS/DSP/Include" -O0 -ffunction-sections -fdata-sections -Wall -fstack-usage -fcyclomatic-complexity -MMD -MP -MF"Src/signals.d" -MT"Src/signals.o" --specs=nano.specs -mfpu=fpv4-sp-d16 -mfloat-abi=hard -mthumb -o "Src/signals.o"
arm-none-eabi-gcc "../Src/syscalls.c" -mcpu=cortex-m4 -std=gnu11 -g3 -DDEBUG -DSTM32 -DSTM32F4 -DSTM32F401RCTx -DSTM32F401xE -DARM_MATH_CM4 -D__FPU_PRESENT -c -I../Inc -I..//chip_headers/CMSIS/Include -I..//chip_headers/CMSIS/Device/ST/STM32F4xx/Include -I"D:/DSP_on_arm processor/4-integrating_CMSIS_library/chip_headers/CMSIS/DSP/Include" -O0 -ffunction-sections -fdata-sections -Wall -fstack-usage -fcyclomatic-complexity -MMD -MP -MF"Src/syscalls.d" -MT"Src/syscalls.o" --specs=nano.specs -mfpu=fpv4-sp-d16 -mfloat-abi=hard -mthumb -o "Src/syscalls.o"
arm-none-eabi-gcc "../Src/sysmem.c" -mcpu=cortex-m4 -std=gnu11 -g3 -DDEBUG -DSTM32 -DSTM32F4 -DSTM32F401RCTx -DSTM32F401xE -DARM_MATH_CM4 -D__FPU_PRESENT -c -I../Inc -I..//chip_headers/CMSIS/Include -I..//chip_headers/CMSIS/Device/ST/STM32F4xx/Include -I"D:/DSP_on_arm processor/4-integrating_CMSIS_library/chip_headers/CMSIS/DSP/Include" -O0 -ffunction-sections -fdata-sections -Wall -fstack-usage -fcyclomatic-complexity -MMD -MP -MF"Src/sysmem.d" -MT"Src/sysmem.o" --specs=nano.specs -mfpu=fpv4-sp-d16 -mfloat-abi=hard -mthumb -o "Src/sysmem.o"
arm-none-eabi-gcc "../Src/uart.c" -mcpu=cortex-m4 -std=gnu11 -g3 -DDEBUG -DSTM32 -DSTM32F4 -DSTM32F401RCTx -DSTM32F401xE -DARM_MATH_CM4 -D__FPU_PRESENT -c -I../Inc -I..//chip_headers/CMSIS/Include -I..//chip_headers/CMSIS/Device/ST/STM32F4xx/Include -I"D:/DSP_on_arm processor/4-integrating_CMSIS_library/chip_headers/CMSIS/DSP/Include" -O0 -ffunction-sections -fdata-sections -Wall -fstack-usage -fcyclomatic-complexity -MMD -MP -MF"Src/uart.d" -MT"Src/uart.o" --specs=nano.specs -mfpu=fpv4-sp-d16 -mfloat-abi=hard -mthumb -o "Src/uart.o"
In file included from ..//chip_headers/CMSIS/Device/ST/STM32F4xx/Include/stm32f4xx.h:145,
                 from ../Src/main.c:2:
..//chip_headers/CMSIS/Device/ST/STM32F4xx/Include/stm32f401xe.h:51:9: warning: "__FPU_PRESENT" redefined
   51 | #define __FPU_PRESENT             1U       /*!< FPU present                                   */
      |         ^~~~~~~~~~~~~
<command-line>: note: this is the location of the previous definition
In file included from ..//chip_headers/CMSIS/Device/ST/STM32F4xx/Include/stm32f4xx.h:145,
                 from ../Inc/uart.h:3,
                 from ../Src/uart.c:1:
..//chip_headers/CMSIS/Device/ST/STM32F4xx/Include/stm32f401xe.h:51:9: warning: "__FPU_PRESENT" redefined
   51 | #define __FPU_PRESENT             1U       /*!< FPU present                                   */
      |         ^~~~~~~~~~~~~
<command-line>: note: this is the location of the previous definition
arm-none-eabi-gcc -o "4-integrating_CMSIS_library.elf" @"objects.list"   -mcpu=cortex-m4 -T"D:\DSP_on_arm processor\4-integrating_CMSIS_library\STM32F401RCTX_FLASH.ld" --specs=nosys.specs -Wl,-Map="4-integrating_CMSIS_library.map" -Wl,--gc-sections -static --specs=nano.specs -mfpu=fpv4-sp-d16 -mfloat-abi=hard -mthumb -u _printf_float -u _scanf_float -Wl,--start-group -lc -lm -Wl,--end-group
Finished building target: 4-integrating_CMSIS_library.elf
 
arm-none-eabi-size  4-integrating_CMSIS_library.elf 
arm-none-eabi-objdump -h -S 4-integrating_CMSIS_library.elf  > "4-integrating_CMSIS_library.list"
   text	   data	    bss	    dec	    hex	filename
  23520	   1660	   1900	  27080	   69c8	4-integrating_CMSIS_library.elf
Finished building: default.size.stdout
 
Finished building: 4-integrating_CMSIS_library.list
 
23:01:04 **** Incremental Build of configuration Debug for project 4-integrating_CMSIS_library ****
make -j16 all 
arm-none-eabi-gcc -mcpu=cortex-m4 -g3 -DDEBUG -c -x assembler-with-cpp -MMD -MP -MF"Startup/startup_stm32f401rctx.d" -MT"Startup/startup_stm32f401rctx.o" --specs=nano.specs -mfpu=fpv4-sp-d16 -mfloat-abi=hard -mthumb -o "Startup/startup_stm32f401rctx.o" "../Startup/startup_stm32f401rctx.s"
arm-none-eabi-gcc "../Src/main.c" -mcpu=cortex-m4 -std=gnu11 -g3 -DDEBUG -DSTM32 -DSTM32F4 -DSTM32F401RCTx -DSTM32F401xE -DARM_MATH_CM4 -D__FPU_PRESENT -c -I../Inc -I..//chip_headers/CMSIS/Include -I..//chip_headers/CMSIS/Device/ST/STM32F4xx/Include -I"D:/DSP_on_arm processor/4-integrating_CMSIS_library/chip_headers/CMSIS/DSP/Include" -O0 -ffunction-sections -fdata-sections -Wall -fstack-usage -fcyclomatic-complexity -MMD -MP -MF"Src/main.d" -MT"Src/main.o" --specs=nano.specs -mfpu=fpv4-sp-d16 -mfloat-abi=hard -mthumb -o "Src/main.o"
arm-none-eabi-gcc "../Src/signals.c" -mcpu=cortex-m4 -std=gnu11 -g3 -DDEBUG -DSTM32 -DSTM32F4 -DSTM32F401RCTx -DSTM32F401xE -DARM_MATH_CM4 -D__FPU_PRESENT -c -I../Inc -I..//chip_headers/CMSIS/Include -I..//chip_headers/CMSIS/Device/ST/STM32F4xx/Include -I"D:/DSP_on_arm processor/4-integrating_CMSIS_library/chip_headers/CMSIS/DSP/Include" -O0 -ffunction-sections -fdata-sections -Wall -fstack-usage -fcyclomatic-complexity -MMD -MP -MF"Src/signals.d" -MT"Src/signals.o" --specs=nano.specs -mfpu=fpv4-sp-d16 -mfloat-abi=hard -mthumb -o "Src/signals.o"
arm-none-eabi-gcc "../Src/syscalls.c" -mcpu=cortex-m4 -std=gnu11 -g3 -DDEBUG -DSTM32 -DSTM32F4 -DSTM32F401RCTx -DSTM32F401xE -DARM_MATH_CM4 -D__FPU_PRESENT -c -I../Inc -I..//chip_headers/CMSIS/Include -I..//chip_headers/CMSIS/Device/ST/STM32F4xx/Include -I"D:/DSP_on_arm processor/4-integrating_CMSIS_library/chip_headers/CMSIS/DSP/Include" -O0 -ffunction-sections -fdata-sections -Wall -fstack-usage -fcyclomatic-complexity -MMD -MP -MF"Src/syscalls.d" -MT"Src/syscalls.o" --specs=nano.specs -mfpu=fpv4-sp-d16 -mfloat-abi=hard -mthumb -o "Src/syscalls.o"
arm-none-eabi-gcc "../Src/sysmem.c" -mcpu=cortex-m4 -std=gnu11 -g3 -DDEBUG -DSTM32 -DSTM32F4 -DSTM32F401RCTx -DSTM32F401xE -DARM_MATH_CM4 -D__FPU_PRESENT -c -I../Inc -I..//chip_headers/CMSIS/Include -I..//chip_headers/CMSIS/Device/ST/STM32F4xx/Include -I"D:/DSP_on_arm processor/4-integrating_CMSIS_library/chip_headers/CMSIS/DSP/Include" -O0 -ffunction-sections -fdata-sections -Wall -fstack-usage -fcyclomatic-complexity -MMD -MP -MF"Src/sysmem.d" -MT"Src/sysmem.o" --specs=nano.specs -mfpu=fpv4-sp-d16 -mfloat-abi=hard -mthumb -o "Src/sysmem.o"
arm-none-eabi-gcc "../Src/uart.c" -mcpu=cortex-m4 -std=gnu11 -g3 -DDEBUG -DSTM32 -DSTM32F4 -DSTM32F401RCTx -DSTM32F401xE -DARM_MATH_CM4 -D__FPU_PRESENT -c -I../Inc -I..//chip_headers/CMSIS/Include -I..//chip_headers/CMSIS/Device/ST/STM32F4xx/Include -I"D:/DSP_on_arm processor/4-integrating_CMSIS_library/chip_headers/CMSIS/DSP/Include" -O0 -ffunction-sections -fdata-sections -Wall -fstack-usage -fcyclomatic-complexity -MMD -MP -MF"Src/uart.d" -MT"Src/uart.o" --specs=nano.specs -mfpu=fpv4-sp-d16 -mfloat-abi=hard -mthumb -o "Src/uart.o"
In file included from ..//chip_headers/CMSIS/Device/ST/STM32F4xx/Include/stm32f4xx.h:145,
                 from ../Src/main.c:2:
..//chip_headers/CMSIS/Device/ST/STM32F4xx/Include/stm32f401xe.h:51:9: warning: "__FPU_PRESENT" redefined
   51 | #define __FPU_PRESENT             1U       /*!< FPU present                                   */
      |         ^~~~~~~~~~~~~
<command-line>: note: this is the location of the previous definition
In file included from ..//chip_headers/CMSIS/Device/ST/STM32F4xx/Include/stm32f4xx.h:145,
                 from ../Inc/uart.h:3,
                 from ../Src/uart.c:1:
..//chip_headers/CMSIS/Device/ST/STM32F4xx/Include/stm32f401xe.h:51:9: warning: "__FPU_PRESENT" redefined
   51 | #define __FPU_PRESENT             1U       /*!< FPU present                                   */
      |         ^~~~~~~~~~~~~
<command-line>: note: this is the location of the previous definition
arm-none-eabi-gcc -o "4-integrating_CMSIS_library.elf" @"objects.list"   -mcpu=cortex-m4 -T"D:\DSP_on_arm processor\4-integrating_CMSIS_library\STM32F401RCTX_FLASH.ld" --specs=nosys.specs -Wl,-Map="4-integrating_CMSIS_library.map" -Wl,--gc-sections -static --specs=nano.specs -mfpu=fpv4-sp-d16 -mfloat-abi=hard -mthumb -u _printf_float -u _scanf_float -Wl,--start-group -lc -lm -Wl,--end-group
Finished building target: 4-integrating_CMSIS_library.elf
 
arm-none-eabi-size  4-integrating_CMSIS_library.elf 
arm-none-eabi-objdump -h -S 4-integrating_CMSIS_library.elf  > "4-integrating_CMSIS_library.list"
   text	   data	    bss	    dec	    hex	filename
  23520	   1660	   1900	  27080	   69c8	4-integrating_CMSIS_library.elf
Finished building: default.size.stdout
 
Finished building: 4-integrating_CMSIS_library.list
 
23:01:12 **** Incremental Build of configuration Debug for project 4-integrating_CMSIS_library ****
make -j16 all 
arm-none-eabi-size  4-integrating_CMSIS_library.elf 
   text	   data	    bss	    dec	    hex	filename
  23520	   1660	   1900	  27080	   69c8	4-integrating_CMSIS_library.elf
Finished building: default.size.stdout
 
23:01:42 **** Incremental Build of configuration Debug for project 5-testing_cmsis_dsp_float32 ****
make -j16 all 
arm-none-eabi-gcc -mcpu=cortex-m4 -g3 -DDEBUG -c -x assembler-with-cpp -MMD -MP -MF"Startup/startup_stm32f401rctx.d" -MT"Startup/startup_stm32f401rctx.o" --specs=nano.specs -mfpu=fpv4-sp-d16 -mfloat-abi=hard -mthumb -o "Startup/startup_stm32f401rctx.o" "../Startup/startup_stm32f401rctx.s"
arm-none-eabi-gcc "../Src/main.c" -mcpu=cortex-m4 -std=gnu11 -g3 -DDEBUG -DSTM32 -DSTM32F4 -DSTM32F401RCTx -DSTM32F401xE -DARM_MATH_CM4 -D__FPU_PRESENT -c -I../Inc -I..//chip_headers/CMSIS/Include -I..//chip_headers/CMSIS/Device/ST/STM32F4xx/Include -I"D:/DSP_on_arm processor/5-testing_cmsis_dsp_float32/chip_headers/CMSIS/DSP/Include" -O0 -ffunction-sections -fdata-sections -Wall -fstack-usage -fcyclomatic-complexity -MMD -MP -MF"Src/main.d" -MT"Src/main.o" --specs=nano.specs -mfpu=fpv4-sp-d16 -mfloat-abi=hard -mthumb -o "Src/main.o"
arm-none-eabi-gcc "../Src/signals.c" -mcpu=cortex-m4 -std=gnu11 -g3 -DDEBUG -DSTM32 -DSTM32F4 -DSTM32F401RCTx -DSTM32F401xE -DARM_MATH_CM4 -D__FPU_PRESENT -c -I../Inc -I..//chip_headers/CMSIS/Include -I..//chip_headers/CMSIS/Device/ST/STM32F4xx/Include -I"D:/DSP_on_arm processor/5-testing_cmsis_dsp_float32/chip_headers/CMSIS/DSP/Include" -O0 -ffunction-sections -fdata-sections -Wall -fstack-usage -fcyclomatic-complexity -MMD -MP -MF"Src/signals.d" -MT"Src/signals.o" --specs=nano.specs -mfpu=fpv4-sp-d16 -mfloat-abi=hard -mthumb -o "Src/signals.o"
arm-none-eabi-gcc "../Src/syscalls.c" -mcpu=cortex-m4 -std=gnu11 -g3 -DDEBUG -DSTM32 -DSTM32F4 -DSTM32F401RCTx -DSTM32F401xE -DARM_MATH_CM4 -D__FPU_PRESENT -c -I../Inc -I..//chip_headers/CMSIS/Include -I..//chip_headers/CMSIS/Device/ST/STM32F4xx/Include -I"D:/DSP_on_arm processor/5-testing_cmsis_dsp_float32/chip_headers/CMSIS/DSP/Include" -O0 -ffunction-sections -fdata-sections -Wall -fstack-usage -fcyclomatic-complexity -MMD -MP -MF"Src/syscalls.d" -MT"Src/syscalls.o" --specs=nano.specs -mfpu=fpv4-sp-d16 -mfloat-abi=hard -mthumb -o "Src/syscalls.o"
arm-none-eabi-gcc "../Src/sysmem.c" -mcpu=cortex-m4 -std=gnu11 -g3 -DDEBUG -DSTM32 -DSTM32F4 -DSTM32F401RCTx -DSTM32F401xE -DARM_MATH_CM4 -D__FPU_PRESENT -c -I../Inc -I..//chip_headers/CMSIS/Include -I..//chip_headers/CMSIS/Device/ST/STM32F4xx/Include -I"D:/DSP_on_arm processor/5-testing_cmsis_dsp_float32/chip_headers/CMSIS/DSP/Include" -O0 -ffunction-sections -fdata-sections -Wall -fstack-usage -fcyclomatic-complexity -MMD -MP -MF"Src/sysmem.d" -MT"Src/sysmem.o" --specs=nano.specs -mfpu=fpv4-sp-d16 -mfloat-abi=hard -mthumb -o "Src/sysmem.o"
arm-none-eabi-gcc "../Src/uart.c" -mcpu=cortex-m4 -std=gnu11 -g3 -DDEBUG -DSTM32 -DSTM32F4 -DSTM32F401RCTx -DSTM32F401xE -DARM_MATH_CM4 -D__FPU_PRESENT -c -I../Inc -I..//chip_headers/CMSIS/Include -I..//chip_headers/CMSIS/Device/ST/STM32F4xx/Include -I"D:/DSP_on_arm processor/5-testing_cmsis_dsp_float32/chip_headers/CMSIS/DSP/Include" -O0 -ffunction-sections -fdata-sections -Wall -fstack-usage -fcyclomatic-complexity -MMD -MP -MF"Src/uart.d" -MT"Src/uart.o" --specs=nano.specs -mfpu=fpv4-sp-d16 -mfloat-abi=hard -mthumb -o "Src/uart.o"
In file included from ..//chip_headers/CMSIS/Device/ST/STM32F4xx/Include/stm32f4xx.h:145,
                 from ../Src/main.c:2:
..//chip_headers/CMSIS/Device/ST/STM32F4xx/Include/stm32f401xe.h:51:9: warning: "__FPU_PRESENT" redefined
   51 | #define __FPU_PRESENT             1U       /*!< FPU present                                   */
      |         ^~~~~~~~~~~~~
<command-line>: note: this is the location of the previous definition
In file included from ..//chip_headers/CMSIS/Device/ST/STM32F4xx/Include/stm32f4xx.h:145,
                 from ../Inc/uart.h:3,
                 from ../Src/uart.c:1:
..//chip_headers/CMSIS/Device/ST/STM32F4xx/Include/stm32f401xe.h:51:9: warning: "__FPU_PRESENT" redefined
   51 | #define __FPU_PRESENT             1U       /*!< FPU present                                   */
      |         ^~~~~~~~~~~~~
<command-line>: note: this is the location of the previous definition
arm-none-eabi-gcc -o "5-testing_cmsis_dsp_float32.elf" @"objects.list"   -mcpu=cortex-m4 -T"D:\DSP_on_arm processor\5-testing_cmsis_dsp_float32\STM32F401RCTX_FLASH.ld" --specs=nosys.specs -Wl,-Map="5-testing_cmsis_dsp_float32.map" -Wl,--gc-sections -static --specs=nano.specs -mfpu=fpv4-sp-d16 -mfloat-abi=hard -mthumb -u _printf_float -u _scanf_float -Wl,--start-group -lc -lm -Wl,--end-group
Finished building target: 5-testing_cmsis_dsp_float32.elf
 
arm-none-eabi-size  5-testing_cmsis_dsp_float32.elf 
arm-none-eabi-objdump -h -S 5-testing_cmsis_dsp_float32.elf  > "5-testing_cmsis_dsp_float32.list"
   text	   data	    bss	    dec	    hex	filename
  23544	   1736	   1904	  27184	   6a30	5-testing_cmsis_dsp_float32.elf
Finished building: default.size.stdout
 
Finished building: 5-testing_cmsis_dsp_float32.list
 
23:01:46 **** Incremental Build of configuration Debug for project 5-testing_cmsis_dsp_float32 ****
make -j16 all 
arm-none-eabi-size  5-testing_cmsis_dsp_float32.elf 
   text	   data	    bss	    dec	    hex	filename
  23544	   1736	   1904	  27184	   6a30	5-testing_cmsis_dsp_float32.elf
Finished building: default.size.stdout
 
